10.240.1.50 - - [21/Nov/2017:21:01:22 +0000] "GET /joyreactor/css/main.css HTTP/1.1" 200 753 "https://praise-the-sun-carvz0r.c9users.io/joyreactor/index.html" "Mozilla/5.0 (Windows NT 10.0; Win64; x64) AppleWebKit/537.36 (KHTML, like Gecko) Chrome/62.0.3202.94 Safari/537.36"
10.240.1.50 - - [21/Nov/2017:21:01:22 +0000] "GET /joyreactor/css/img/reactor_bg_middle.jpg HTTP/1.1" 404 553 "https://praise-the-sun-carvz0r.c9users.io/joyreactor/css/main.css" "Mozilla/5.0 (Windows NT 10.0; Win64; x64) AppleWebKit/537.36 (KHTML, like Gecko) Chrome/62.0.3202.94 Safari/537.36"
10.240.1.18 - - [21/Nov/2017:21:01:28 +0000] "GET /joyreactor/index.html HTTP/1.1" 200 994 "-" "Mozilla/5.0 (Windows NT 10.0; Win64; x64) AppleWebKit/537.36 (KHTML, like Gecko) Chrome/62.0.3202.94 Safari/537.36"
10.240.0.161 - - [21/Nov/2017:21:01:28 +0000] "GET /joyreactor/css/main.css HTTP/1.1" 200 752 "https://praise-the-sun-carvz0r.c9users.io/joyreactor/index.html" "Mozilla/5.0 (Windows NT 10.0; Win64; x64) AppleWebKit/537.36 (KHTML, like Gecko) Chrome/62.0.3202.94 Safari/537.36"
10.240.0.213 - - [21/Nov/2017:21:01:29 +0000] "GET /joyreactor/css/img/reactor_bg_middle.jpg HTTP/1.1" 404 553 "https://praise-the-sun-carvz0r.c9users.io/joyreactor/css/main.css" "Mozilla/5.0 (Windows NT 10.0; Win64; x64) AppleWebKit/537.36 (KHTML, like Gecko) Chrome/62.0.3202.94 Safari/537.36"
10.240.1.16 - - [21/Nov/2017:21:03:58 +0000] "GET /joyreactor/index.html HTTP/1.1" 200 994 "-" "Mozilla/5.0 (Windows NT 10.0; Win64; x64) AppleWebKit/537.36 (KHTML, like Gecko) Chrome/62.0.3202.94 Safari/537.36"
10.240.1.184 - - [21/Nov/2017:21:03:58 +0000] "GET /joyreactor/css/main.css HTTP/1.1" 200 764 "https://praise-the-sun-carvz0r.c9users.io/joyreactor/index.html" "Mozilla/5.0 (Windows NT 10.0; Win64; x64) AppleWebKit/537.36 (KHTML, like Gecko) Chrome/62.0.3202.94 Safari/537.36"
10.240.0.41 - - [21/Nov/2017:21:03:59 +0000] "GET /joyreactor/css/img/reactor_bg_middle.jpg HTTP/1.1" 404 553 "https://praise-the-sun-carvz0r.c9users.io/joyreactor/css/main.css" "Mozilla/5.0 (Windows NT 10.0; Win64; x64) AppleWebKit/537.36 (KHTML, like Gecko) Chrome/62.0.3202.94 Safari/537.36"
10.240.1.16 - - [21/Nov/2017:21:04:35 +0000] "GET /joyreactor/index.html HTTP/1.1" 200 994 "-" "Mozilla/5.0 (Windows NT 10.0; Win64; x64) AppleWebKit/537.36 (KHTML, like Gecko) Chrome/62.0.3202.94 Safari/537.36"
10.240.0.161 - - [21/Nov/2017:21:04:36 +0000] "GET /joyreactor/css/main.css HTTP/1.1" 200 766 "https://praise-the-sun-carvz0r.c9users.io/joyreactor/index.html" "Mozilla/5.0 (Windows NT 10.0; Win64; x64) AppleWebKit/537.36 (KHTML, like Gecko) Chrome/62.0.3202.94 Safari/537.36"
10.240.0.213 - - [21/Nov/2017:21:06:34 +0000] "GET /joyreactor/index.html HTTP/1.1" 200 994 "-" "Mozilla/5.0 (Windows NT 10.0; Win64; x64) AppleWebKit/537.36 (KHTML, like Gecko) Chrome/62.0.3202.94 Safari/537.36"
10.240.0.213 - - [21/Nov/2017:21:06:34 +0000] "GET /joyreactor/css/main.css HTTP/1.1" 200 794 "https://praise-the-sun-carvz0r.c9users.io/joyreactor/index.html" "Mozilla/5.0 (Windows NT 10.0; Win64; x64) AppleWebKit/537.36 (KHTML, like Gecko) Chrome/62.0.3202.94 Safari/537.36"
10.240.0.213 - - [21/Nov/2017:21:06:34 +0000] "GET /joyreactor/css/img/reactor_bg_middle.jpg HTTP/1.1" 404 553 "https://praise-the-sun-carvz0r.c9users.io/joyreactor/css/main.css" "Mozilla/5.0 (Windows NT 10.0; Win64; x64) AppleWebKit/537.36 (KHTML, like Gecko) Chrome/62.0.3202.94 Safari/537.36"
10.240.0.213 - - [21/Nov/2017:21:09:57 +0000] "GET /joyreactor/index.html HTTP/1.1" 200 994 "-" "Mozilla/5.0 (Windows NT 10.0; Win64; x64) AppleWebKit/537.36 (KHTML, like Gecko) Chrome/62.0.3202.94 Safari/537.36"
10.240.0.213 - - [21/Nov/2017:21:09:57 +0000] "GET /joyreactor/css/main.css HTTP/1.1" 200 800 "https://praise-the-sun-carvz0r.c9users.io/joyreactor/index.html" "Mozilla/5.0 (Windows NT 10.0; Win64; x64) AppleWebKit/537.36 (KHTML, like Gecko) Chrome/62.0.3202.94 Safari/537.36"
10.240.0.213 - - [21/Nov/2017:21:09:58 +0000] "GET /joyreactor/css/img/reactor_bg_middle.jpg HTTP/1.1" 404 553 "https://praise-the-sun-carvz0r.c9users.io/joyreactor/css/main.css" "Mozilla/5.0 (Windows NT 10.0; Win64; x64) AppleWebKit/537.36 (KHTML, like Gecko) Chrome/62.0.3202.94 Safari/537.36"
10.240.1.8 - - [21/Nov/2017:21:10:23 +0000] "GET /joyreactor/index.html HTTP/1.1" 200 994 "-" "Mozilla/5.0 (Windows NT 10.0; Win64; x64) AppleWebKit/537.36 (KHTML, like Gecko) Chrome/62.0.3202.94 Safari/537.36"
10.240.1.184 - - [21/Nov/2017:21:10:23 +0000] "GET /joyreactor/css/main.css HTTP/1.1" 200 796 "https://praise-the-sun-carvz0r.c9users.io/joyreactor/index.html" "Mozilla/5.0 (Windows NT 10.0; Win64; x64) AppleWebKit/537.36 (KHTML, like Gecko) Chrome/62.0.3202.94 Safari/537.36"
10.240.1.16 - - [21/Nov/2017:21:10:24 +0000] "GET /joyreactor/css/img/reactor_bg_middle.jpg HTTP/1.1" 404 553 "https://praise-the-sun-carvz0r.c9users.io/joyreactor/css/main.css" "Mozilla/5.0 (Windows NT 10.0; Win64; x64) AppleWebKit/537.36 (KHTML, like Gecko) Chrome/62.0.3202.94 Safari/537.36"
10.240.1.8 - - [21/Nov/2017:21:13:04 +0000] "GET /joyreactor/index.html HTTP/1.1" 200 994 "-" "Mozilla/5.0 (Windows NT 10.0; Win64; x64) AppleWebKit/537.36 (KHTML, like Gecko) Chrome/62.0.3202.94 Safari/537.36"
10.240.1.184 - - [21/Nov/2017:21:13:04 +0000] "GET /joyreactor/css/main.css HTTP/1.1" 200 824 "https://praise-the-sun-carvz0r.c9users.io/joyreactor/index.html" "Mozilla/5.0 (Windows NT 10.0; Win64; x64) AppleWebKit/537.36 (KHTML, like Gecko) Chrome/62.0.3202.94 Safari/537.36"
10.240.0.161 - - [21/Nov/2017:21:13:05 +0000] "GET /joyreactor/css/img/reactor_bg_middle.jpg HTTP/1.1" 404 553 "https://praise-the-sun-carvz0r.c9users.io/joyreactor/css/main.css" "Mozilla/5.0 (Windows NT 10.0; Win64; x64) AppleWebKit/537.36 (KHTML, like Gecko) Chrome/62.0.3202.94 Safari/537.36"
10.240.0.227 - - [21/Nov/2017:21:14:11 +0000] "GET /joyreactor/index.html HTTP/1.1" 200 994 "-" "Mozilla/5.0 (Windows NT 10.0; Win64; x64) AppleWebKit/537.36 (KHTML, like Gecko) Chrome/62.0.3202.94 Safari/537.36"
10.240.1.50 - - [21/Nov/2017:21:14:12 +0000] "GET /joyreactor/css/main.css HTTP/1.1" 200 833 "https://praise-the-sun-carvz0r.c9users.io/joyreactor/index.html" "Mozilla/5.0 (Windows NT 10.0; Win64; x64) AppleWebKit/537.36 (KHTML, like Gecko) Chrome/62.0.3202.94 Safari/537.36"
10.240.1.50 - - [21/Nov/2017:21:14:12 +0000] "GET /joyreactor/img/reactor_bg_middle.jpg HTTP/1.1" 200 214338 "https://praise-the-sun-carvz0r.c9users.io/joyreactor/css/main.css" "Mozilla/5.0 (Windows NT 10.0; Win64; x64) AppleWebKit/537.36 (KHTML, like Gecko) Chrome/62.0.3202.94 Safari/537.36"
10.240.1.16 - - [21/Nov/2017:21:14:13 +0000] "GET /joyreactor/img/joyreactor_logo.png HTTP/1.1" 200 13434 "https://praise-the-sun-carvz0r.c9users.io/joyreactor/css/main.css" "Mozilla/5.0 (Windows NT 10.0; Win64; x64) AppleWebKit/537.36 (KHTML, like Gecko) Chrome/62.0.3202.94 Safari/537.36"
10.240.0.5 - - [21/Nov/2017:21:14:54 +0000] "GET /joyreactor/index.html HTTP/1.1" 200 994 "-" "Mozilla/5.0 (Windows NT 10.0; Win64; x64) AppleWebKit/537.36 (KHTML, like Gecko) Chrome/62.0.3202.94 Safari/537.36"
10.240.1.50 - - [21/Nov/2017:21:14:54 +0000] "GET /joyreactor/css/main.css HTTP/1.1" 200 833 "https://praise-the-sun-carvz0r.c9users.io/joyreactor/index.html" "Mozilla/5.0 (Windows NT 10.0; Win64; x64) AppleWebKit/537.36 (KHTML, like Gecko) Chrome/62.0.3202.94 Safari/537.36"
10.240.1.18 - - [21/Nov/2017:21:14:55 +0000] "GET /joyreactor/img/icon_home.pn HTTP/1.1" 404 540 "https://praise-the-sun-carvz0r.c9users.io/joyreactor/css/main.css" "Mozilla/5.0 (Windows NT 10.0; Win64; x64) AppleWebKit/537.36 (KHTML, like Gecko) Chrome/62.0.3202.94 Safari/537.36"
10.240.0.213 - - [21/Nov/2017:21:15:01 +0000] "GET /joyreactor/index.html HTTP/1.1" 200 994 "-" "Mozilla/5.0 (Windows NT 10.0; Win64; x64) AppleWebKit/537.36 (KHTML, like Gecko) Chrome/62.0.3202.94 Safari/537.36"
10.240.0.227 - - [21/Nov/2017:21:15:01 +0000] "GET /joyreactor/css/main.css HTTP/1.1" 200 833 "https://praise-the-sun-carvz0r.c9users.io/joyreactor/index.html" "Mozilla/5.0 (Windows NT 10.0; Win64; x64) AppleWebKit/537.36 (KHTML, like Gecko) Chrome/62.0.3202.94 Safari/537.36"
10.240.1.184 - - [21/Nov/2017:21:15:02 +0000] "GET /joyreactor/img/icon_home.png HTTP/1.1" 200 1623 "https://praise-the-sun-carvz0r.c9users.io/joyreactor/css/main.css" "Mozilla/5.0 (Windows NT 10.0; Win64; x64) AppleWebKit/537.36 (KHTML, like Gecko) Chrome/62.0.3202.94 Safari/537.36"
10.240.0.161 - - [21/Nov/2017:21:15:48 +0000] "GET /joyreactor/index.html HTTP/1.1" 200 994 "-" "Mozilla/5.0 (Windows NT 10.0; Win64; x64) AppleWebKit/537.36 (KHTML, like Gecko) Chrome/62.0.3202.94 Safari/537.36"
10.240.1.15 - - [21/Nov/2017:21:15:49 +0000] "GET /joyreactor/css/main.css HTTP/1.1" 200 845 "https://praise-the-sun-carvz0r.c9users.io/joyreactor/index.html" "Mozilla/5.0 (Windows NT 10.0; Win64; x64) AppleWebKit/537.36 (KHTML, like Gecko) Chrome/62.0.3202.94 Safari/537.36"
10.240.0.227 - - [21/Nov/2017:21:15:49 +0000] "GET /joyreactor/img/icon_home.png HTTP/1.1" 304 180 "https://praise-the-sun-carvz0r.c9users.io/joyreactor/css/main.css" "Mozilla/5.0 (Windows NT 10.0; Win64; x64) AppleWebKit/537.36 (KHTML, like Gecko) Chrome/62.0.3202.94 Safari/537.36"
10.240.0.227 - - [21/Nov/2017:21:16:35 +0000] "GET /joyreactor/index.html HTTP/1.1" 200 994 "-" "Mozilla/5.0 (Windows NT 10.0; Win64; x64) AppleWebKit/537.36 (KHTML, like Gecko) Chrome/62.0.3202.94 Safari/537.36"
10.240.0.213 - - [21/Nov/2017:21:16:35 +0000] "GET /joyreactor/css/main.css HTTP/1.1" 200 852 "https://praise-the-sun-carvz0r.c9users.io/joyreactor/index.html" "Mozilla/5.0 (Windows NT 10.0; Win64; x64) AppleWebKit/537.36 (KHTML, like Gecko) Chrome/62.0.3202.94 Safari/537.36"
10.240.0.213 - - [21/Nov/2017:21:16:36 +0000] "GET /joyreactor/img/icon_home.png HTTP/1.1" 304 180 "https://praise-the-sun-carvz0r.c9users.io/joyreactor/css/main.css" "Mozilla/5.0 (Windows NT 10.0; Win64; x64) AppleWebKit/537.36 (KHTML, like Gecko) Chrome/62.0.3202.94 Safari/537.36"
10.240.1.16 - - [21/Nov/2017:21:16:52 +0000] "GET /joyreactor/index.html HTTP/1.1" 200 993 "-" "Mozilla/5.0 (Windows NT 10.0; Win64; x64) AppleWebKit/537.36 (KHTML, like Gecko) Chrome/62.0.3202.94 Safari/537.36"
10.240.0.5 - - [21/Nov/2017:21:16:52 +0000] "GET /joyreactor/css/main.css HTTP/1.1" 200 852 "https://praise-the-sun-carvz0r.c9users.io/joyreactor/index.html" "Mozilla/5.0 (Windows NT 10.0; Win64; x64) AppleWebKit/537.36 (KHTML, like Gecko) Chrome/62.0.3202.94 Safari/537.36"
10.240.0.227 - - [21/Nov/2017:21:16:53 +0000] "GET /joyreactor/img/icon_home.png HTTP/1.1" 304 180 "https://praise-the-sun-carvz0r.c9users.io/joyreactor/css/main.css" "Mozilla/5.0 (Windows NT 10.0; Win64; x64) AppleWebKit/537.36 (KHTML, like Gecko) Chrome/62.0.3202.94 Safari/537.36"
10.240.0.161 - - [21/Nov/2017:21:18:04 +0000] "GET /joyreactor/index.html HTTP/1.1" 200 993 "-" "Mozilla/5.0 (Windows NT 10.0; Win64; x64) AppleWebKit/537.36 (KHTML, like Gecko) Chrome/62.0.3202.94 Safari/537.36"
10.240.0.5 - - [21/Nov/2017:21:18:04 +0000] "GET /joyreactor/css/main.css HTTP/1.1" 200 859 "https://praise-the-sun-carvz0r.c9users.io/joyreactor/index.html" "Mozilla/5.0 (Windows NT 10.0; Win64; x64) AppleWebKit/537.36 (KHTML, like Gecko) Chrome/62.0.3202.94 Safari/537.36"
10.240.0.213 - - [21/Nov/2017:21:18:05 +0000] "GET /joyreactor/img/icon_home.png HTTP/1.1" 304 180 "https://praise-the-sun-carvz0r.c9users.io/joyreactor/css/main.css" "Mozilla/5.0 (Windows NT 10.0; Win64; x64) AppleWebKit/537.36 (KHTML, like Gecko) Chrome/62.0.3202.94 Safari/537.36"
10.240.0.161 - - [21/Nov/2017:21:19:47 +0000] "GET /joyreactor/index.html HTTP/1.1" 200 993 "-" "Mozilla/5.0 (Windows NT 10.0; Win64; x64) AppleWebKit/537.36 (KHTML, like Gecko) Chrome/62.0.3202.94 Safari/537.36"
10.240.1.8 - - [21/Nov/2017:21:19:47 +0000] "GET /joyreactor/css/main.css HTTP/1.1" 200 869 "https://praise-the-sun-carvz0r.c9users.io/joyreactor/index.html" "Mozilla/5.0 (Windows NT 10.0; Win64; x64) AppleWebKit/537.36 (KHTML, like Gecko) Chrome/62.0.3202.94 Safari/537.36"
10.240.1.8 - - [21/Nov/2017:21:19:47 +0000] "GET /joyreactor/img/icon_home.png HTTP/1.1" 304 180 "https://praise-the-sun-carvz0r.c9users.io/joyreactor/css/main.css" "Mozilla/5.0 (Windows NT 10.0; Win64; x64) AppleWebKit/537.36 (KHTML, like Gecko) Chrome/62.0.3202.94 Safari/537.36"
10.240.0.227 - - [21/Nov/2017:21:20:23 +0000] "GET /joyreactor/index.html HTTP/1.1" 200 993 "-" "Mozilla/5.0 (Windows NT 10.0; Win64; x64) AppleWebKit/537.36 (KHTML, like Gecko) Chrome/62.0.3202.94 Safari/537.36"
10.240.1.184 - - [21/Nov/2017:21:20:24 +0000] "GET /joyreactor/css/main.css HTTP/1.1" 200 871 "https://praise-the-sun-carvz0r.c9users.io/joyreactor/index.html" "Mozilla/5.0 (Windows NT 10.0; Win64; x64) AppleWebKit/537.36 (KHTML, like Gecko) Chrome/62.0.3202.94 Safari/537.36"
10.240.0.161 - - [21/Nov/2017:21:20:24 +0000] "GET /joyreactor/img/icon_home.png HTTP/1.1" 304 180 "https://praise-the-sun-carvz0r.c9users.io/joyreactor/css/main.css" "Mozilla/5.0 (Windows NT 10.0; Win64; x64) AppleWebKit/537.36 (KHTML, like Gecko) Chrome/62.0.3202.94 Safari/537.36"
10.240.1.15 - - [21/Nov/2017:21:20:53 +0000] "GET /joyreactor/index.html HTTP/1.1" 200 993 "-" "Mozilla/5.0 (Windows NT 10.0; Win64; x64) AppleWebKit/537.36 (KHTML, like Gecko) Chrome/62.0.3202.94 Safari/537.36"
10.240.0.161 - - [21/Nov/2017:21:20:54 +0000] "GET /joyreactor/css/main.css HTTP/1.1" 200 875 "https://praise-the-sun-carvz0r.c9users.io/joyreactor/index.html" "Mozilla/5.0 (Windows NT 10.0; Win64; x64) AppleWebKit/537.36 (KHTML, like Gecko) Chrome/62.0.3202.94 Safari/537.36"
10.240.1.18 - - [21/Nov/2017:21:21:09 +0000] "GET /joyreactor/index.html HTTP/1.1" 200 993 "-" "Mozilla/5.0 (Windows NT 10.0; Win64; x64) AppleWebKit/537.36 (KHTML, like Gecko) Chrome/62.0.3202.94 Safari/537.36"
10.240.1.18 - - [21/Nov/2017:21:21:09 +0000] "GET /joyreactor/css/main.css HTTP/1.1" 200 880 "https://praise-the-sun-carvz0r.c9users.io/joyreactor/index.html" "Mozilla/5.0 (Windows NT 10.0; Win64; x64) AppleWebKit/537.36 (KHTML, like Gecko) Chrome/62.0.3202.94 Safari/537.36"
10.240.1.15 - - [21/Nov/2017:21:21:10 +0000] "GET /joyreactor/img/icon_home.png HTTP/1.1" 304 180 "https://praise-the-sun-carvz0r.c9users.io/joyreactor/css/main.css" "Mozilla/5.0 (Windows NT 10.0; Win64; x64) AppleWebKit/537.36 (KHTML, like Gecko) Chrome/62.0.3202.94 Safari/537.36"
10.240.1.50 - - [21/Nov/2017:21:21:18 +0000] "GET /joyreactor/index.html HTTP/1.1" 200 993 "-" "Mozilla/5.0 (Windows NT 10.0; Win64; x64) AppleWebKit/537.36 (KHTML, like Gecko) Chrome/62.0.3202.94 Safari/537.36"
10.240.0.213 - - [21/Nov/2017:21:21:19 +0000] "GET /joyreactor/css/main.css HTTP/1.1" 200 876 "https://praise-the-sun-carvz0r.c9users.io/joyreactor/index.html" "Mozilla/5.0 (Windows NT 10.0; Win64; x64) AppleWebKit/537.36 (KHTML, like Gecko) Chrome/62.0.3202.94 Safari/537.36"
10.240.0.227 - - [21/Nov/2017:21:23:27 +0000] "GET /joyreactor/index.html HTTP/1.1" 200 993 "-" "Mozilla/5.0 (Windows NT 10.0; Win64; x64) AppleWebKit/537.36 (KHTML, like Gecko) Chrome/62.0.3202.94 Safari/537.36"
10.240.0.227 - - [21/Nov/2017:21:23:28 +0000] "GET /joyreactor/css/main.css HTTP/1.1" 200 893 "https://praise-the-sun-carvz0r.c9users.io/joyreactor/index.html" "Mozilla/5.0 (Windows NT 10.0; Win64; x64) AppleWebKit/537.36 (KHTML, like Gecko) Chrome/62.0.3202.94 Safari/537.36"
10.240.0.213 - - [21/Nov/2017:21:23:28 +0000] "GET /joyreactor/img/icon_home.png HTTP/1.1" 304 180 "https://praise-the-sun-carvz0r.c9users.io/joyreactor/css/main.css" "Mozilla/5.0 (Windows NT 10.0; Win64; x64) AppleWebKit/537.36 (KHTML, like Gecko) Chrome/62.0.3202.94 Safari/537.36"
10.240.1.16 - - [21/Nov/2017:21:26:03 +0000] "GET /joyreactor/css/main.css HTTP/1.1" 200 893 "https://praise-the-sun-carvz0r.c9users.io/joyreactor/index.html" "Mozilla/5.0 (Windows NT 10.0; Win64; x64) AppleWebKit/537.36 (KHTML, like Gecko) Chrome/62.0.3202.94 Safari/537.36"
10.240.0.213 - - [21/Nov/2017:21:26:18 +0000] "GET / HTTP/1.1" 200 727 "https://praise-the-sun-carvz0r.c9users.io/joyreactor/index.html" "Mozilla/5.0 (iPad; CPU OS 9_1 like Mac OS X) AppleWebKit/601.1.46 (KHTML, like Gecko) Version/9.0 Mobile/13B143 Safari/601.1"
10.240.1.8 - - [21/Nov/2017:21:26:18 +0000] "GET / HTTP/1.1" 200 727 "https://praise-the-sun-carvz0r.c9users.io/joyreactor/index.html" "Mozilla/5.0 (iPad; CPU OS 9_1 like Mac OS X) AppleWebKit/601.1.46 (KHTML, like Gecko) Version/9.0 Mobile/13B143 Safari/601.1"
10.240.1.8 - - [21/Nov/2017:21:26:18 +0000] "GET /icons/blank.gif HTTP/1.1" 200 431 "https://praise-the-sun-carvz0r.c9users.io/" "Mozilla/5.0 (iPad; CPU OS 9_1 like Mac OS X) AppleWebKit/601.1.46 (KHTML, like Gecko) Version/9.0 Mobile/13B143 Safari/601.1"
10.240.0.213 - - [21/Nov/2017:21:26:18 +0000] "GET /icons/folder.gif HTTP/1.1" 200 508 "https://praise-the-sun-carvz0r.c9users.io/" "Mozilla/5.0 (iPad; CPU OS 9_1 like Mac OS X) AppleWebKit/601.1.46 (KHTML, like Gecko) Version/9.0 Mobile/13B143 Safari/601.1"
10.240.1.18 - - [21/Nov/2017:21:26:44 +0000] "GET /joyreactor/index.html HTTP/1.1" 200 995 "-" "Mozilla/5.0 (Windows NT 10.0; Win64; x64) AppleWebKit/537.36 (KHTML, like Gecko) Chrome/62.0.3202.94 Safari/537.36"
10.240.0.5 - - [21/Nov/2017:21:26:44 +0000] "GET /joyreactor/css/main.css HTTP/1.1" 200 909 "https://praise-the-sun-carvz0r.c9users.io/joyreactor/index.html" "Mozilla/5.0 (Windows NT 10.0; Win64; x64) AppleWebKit/537.36 (KHTML, like Gecko) Chrome/62.0.3202.94 Safari/537.36"
10.240.1.18 - - [21/Nov/2017:21:26:44 +0000] "GET /joyreactor/img/icon_home.png HTTP/1.1" 304 180 "https://praise-the-sun-carvz0r.c9users.io/joyreactor/css/main.css" "Mozilla/5.0 (Windows NT 10.0; Win64; x64) AppleWebKit/537.36 (KHTML, like Gecko) Chrome/62.0.3202.94 Safari/537.36"
10.240.1.16 - - [21/Nov/2017:21:27:27 +0000] "GET /joyreactor/index.html HTTP/1.1" 200 995 "-" "Mozilla/5.0 (Windows NT 10.0; Win64; x64) AppleWebKit/537.36 (KHTML, like Gecko) Chrome/62.0.3202.94 Safari/537.36"
10.240.0.213 - - [21/Nov/2017:21:27:27 +0000] "GET /joyreactor/css/main.css HTTP/1.1" 200 926 "https://praise-the-sun-carvz0r.c9users.io/joyreactor/index.html" "Mozilla/5.0 (Windows NT 10.0; Win64; x64) AppleWebKit/537.36 (KHTML, like Gecko) Chrome/62.0.3202.94 Safari/537.36"
10.240.1.16 - - [21/Nov/2017:21:27:57 +0000] "GET /joyreactor/index.html HTTP/1.1" 200 995 "-" "Mozilla/5.0 (Windows NT 10.0; Win64; x64) AppleWebKit/537.36 (KHTML, like Gecko) Chrome/62.0.3202.94 Safari/537.36"
10.240.0.5 - - [21/Nov/2017:21:27:58 +0000] "GET /joyreactor/css/main.css HTTP/1.1" 200 937 "https://praise-the-sun-carvz0r.c9users.io/joyreactor/index.html" "Mozilla/5.0 (Windows NT 10.0; Win64; x64) AppleWebKit/537.36 (KHTML, like Gecko) Chrome/62.0.3202.94 Safari/537.36"
10.240.0.5 - - [21/Nov/2017:21:27:58 +0000] "GET /joyreactor/img/icon_home.png HTTP/1.1" 304 180 "https://praise-the-sun-carvz0r.c9users.io/joyreactor/css/main.css" "Mozilla/5.0 (Windows NT 10.0; Win64; x64) AppleWebKit/537.36 (KHTML, like Gecko) Chrome/62.0.3202.94 Safari/537.36"
10.240.1.8 - - [21/Nov/2017:21:28:26 +0000] "GET /joyreactor/index.html HTTP/1.1" 200 995 "-" "Mozilla/5.0 (Windows NT 10.0; Win64; x64) AppleWebKit/537.36 (KHTML, like Gecko) Chrome/62.0.3202.94 Safari/537.36"
10.240.1.8 - - [21/Nov/2017:21:28:27 +0000] "GET /joyreactor/css/main.css HTTP/1.1" 200 948 "https://praise-the-sun-carvz0r.c9users.io/joyreactor/index.html" "Mozilla/5.0 (Windows NT 10.0; Win64; x64) AppleWebKit/537.36 (KHTML, like Gecko) Chrome/62.0.3202.94 Safari/537.36"
10.240.1.18 - - [21/Nov/2017:21:28:32 +0000] "GET /joyreactor/css/main.css HTTP/1.1" 200 948 "https://praise-the-sun-carvz0r.c9users.io/joyreactor/index.html" "Mozilla/5.0 (Windows NT 10.0; Win64; x64) AppleWebKit/537.36 (KHTML, like Gecko) Chrome/62.0.3202.94 Safari/537.36"
10.240.0.161 - - [21/Nov/2017:21:29:18 +0000] "GET /joyreactor/index.html HTTP/1.1" 200 995 "-" "Mozilla/5.0 (Windows NT 10.0; Win64; x64) AppleWebKit/537.36 (KHTML, like Gecko) Chrome/62.0.3202.94 Safari/537.36"
10.240.0.161 - - [21/Nov/2017:21:29:18 +0000] "GET /joyreactor/css/main.css HTTP/1.1" 200 941 "https://praise-the-sun-carvz0r.c9users.io/joyreactor/index.html" "Mozilla/5.0 (Windows NT 10.0; Win64; x64) AppleWebKit/537.36 (KHTML, like Gecko) Chrome/62.0.3202.94 Safari/537.36"
10.240.0.213 - - [21/Nov/2017:21:29:19 +0000] "GET /joyreactor/img/icon_home.png HTTP/1.1" 304 180 "https://praise-the-sun-carvz0r.c9users.io/joyreactor/css/main.css" "Mozilla/5.0 (Windows NT 10.0; Win64; x64) AppleWebKit/537.36 (KHTML, like Gecko) Chrome/62.0.3202.94 Safari/537.36"
10.240.1.50 - - [21/Nov/2017:21:30:03 +0000] "GET /joyreactor/index.html HTTP/1.1" 200 1000 "-" "Mozilla/5.0 (Windows NT 10.0; Win64; x64) AppleWebKit/537.36 (KHTML, like Gecko) Chrome/62.0.3202.94 Safari/537.36"
10.240.1.8 - - [21/Nov/2017:21:30:03 +0000] "GET /joyreactor/css/main.css HTTP/1.1" 200 941 "https://praise-the-sun-carvz0r.c9users.io/joyreactor/index.html" "Mozilla/5.0 (Windows NT 10.0; Win64; x64) AppleWebKit/537.36 (KHTML, like Gecko) Chrome/62.0.3202.94 Safari/537.36"
10.240.1.184 - - [21/Nov/2017:21:30:44 +0000] "GET /joyreactor/index.html HTTP/1.1" 200 1000 "-" "Mozilla/5.0 (Windows NT 10.0; Win64; x64) AppleWebKit/537.36 (KHTML, like Gecko) Chrome/62.0.3202.94 Safari/537.36"
10.240.0.213 - - [21/Nov/2017:21:30:44 +0000] "GET /joyreactor/css/main.css HTTP/1.1" 200 940 "https://praise-the-sun-carvz0r.c9users.io/joyreactor/index.html" "Mozilla/5.0 (Windows NT 10.0; Win64; x64) AppleWebKit/537.36 (KHTML, like Gecko) Chrome/62.0.3202.94 Safari/537.36"
10.240.0.227 - - [21/Nov/2017:21:30:47 +0000] "GET / HTTP/1.1" 200 728 "https://praise-the-sun-carvz0r.c9users.io/joyreactor/index.html" "Mozilla/5.0 (Windows NT 10.0; Win64; x64) AppleWebKit/537.36 (KHTML, like Gecko) Chrome/62.0.3202.94 Safari/537.36"
10.240.0.41 - - [21/Nov/2017:21:30:48 +0000] "GET /?C=D;O=A HTTP/1.1" 200 728 "https://praise-the-sun-carvz0r.c9users.io/" "Mozilla/5.0 (Windows NT 10.0; Win64; x64) AppleWebKit/537.36 (KHTML, like Gecko) Chrome/62.0.3202.94 Safari/537.36"
10.240.0.227 - - [21/Nov/2017:21:31:42 +0000] "GET /joyreactor/index.html HTTP/1.1" 200 1000 "-" "Mozilla/5.0 (Windows NT 10.0; Win64; x64) AppleWebKit/537.36 (KHTML, like Gecko) Chrome/62.0.3202.94 Safari/537.36"
10.240.0.227 - - [21/Nov/2017:21:31:42 +0000] "GET /joyreactor/css/main.css HTTP/1.1" 200 948 "https://praise-the-sun-carvz0r.c9users.io/joyreactor/index.html" "Mozilla/5.0 (Windows NT 10.0; Win64; x64) AppleWebKit/537.36 (KHTML, like Gecko) Chrome/62.0.3202.94 Safari/537.36"
10.240.0.227 - - [21/Nov/2017:21:31:42 +0000] "GET /joyreactor/img/reactor_bg_middle.jpg HTTP/1.1" 304 182 "https://praise-the-sun-carvz0r.c9users.io/joyreactor/css/main.css" "Mozilla/5.0 (Windows NT 10.0; Win64; x64) AppleWebKit/537.36 (KHTML, like Gecko) Chrome/62.0.3202.94 Safari/537.36"
10.240.1.15 - - [21/Nov/2017:21:31:43 +0000] "GET /joyreactor/img/icon_home.png HTTP/1.1" 304 180 "https://praise-the-sun-carvz0r.c9users.io/joyreactor/css/main.css" "Mozilla/5.0 (Windows NT 10.0; Win64; x64) AppleWebKit/537.36 (KHTML, like Gecko) Chrome/62.0.3202.94 Safari/537.36"
10.240.0.5 - - [21/Nov/2017:21:31:43 +0000] "GET /joyreactor/img/joyreactor_logo.png HTTP/1.1" 304 181 "https://praise-the-sun-carvz0r.c9users.io/joyreactor/css/main.css" "Mozilla/5.0 (Windows NT 10.0; Win64; x64) AppleWebKit/537.36 (KHTML, like Gecko) Chrome/62.0.3202.94 Safari/537.36"
10.240.1.16 - - [21/Nov/2017:21:32:49 +0000] "GET /joyreactor/index.html HTTP/1.1" 200 1000 "-" "Mozilla/5.0 (Windows NT 10.0; Win64; x64) AppleWebKit/537.36 (KHTML, like Gecko) Chrome/62.0.3202.94 Safari/537.36"
10.240.0.213 - - [21/Nov/2017:21:32:49 +0000] "GET /joyreactor/css/main.css HTTP/1.1" 200 948 "https://praise-the-sun-carvz0r.c9users.io/joyreactor/index.html" "Mozilla/5.0 (Windows NT 10.0; Win64; x64) AppleWebKit/537.36 (KHTML, like Gecko) Chrome/62.0.3202.94 Safari/537.36"
10.240.1.16 - - [21/Nov/2017:21:32:58 +0000] "GET /joyreactor/index.html HTTP/1.1" 200 1000 "-" "Mozilla/5.0 (Windows NT 10.0; Win64; x64) AppleWebKit/537.36 (KHTML, like Gecko) Chrome/62.0.3202.94 Safari/537.36"
10.240.1.8 - - [21/Nov/2017:21:32:59 +0000] "GET /joyreactor/css/main.css HTTP/1.1" 200 949 "https://praise-the-sun-carvz0r.c9users.io/joyreactor/index.html" "Mozilla/5.0 (Windows NT 10.0; Win64; x64) AppleWebKit/537.36 (KHTML, like Gecko) Chrome/62.0.3202.94 Safari/537.36"
10.240.0.227 - - [21/Nov/2017:21:33:16 +0000] "GET /joyreactor/index.html HTTP/1.1" 200 1000 "-" "Mozilla/5.0 (Windows NT 10.0; Win64; x64) AppleWebKit/537.36 (KHTML, like Gecko) Chrome/62.0.3202.94 Safari/537.36"
10.240.1.8 - - [21/Nov/2017:21:33:16 +0000] "GET /joyreactor/css/main.css HTTP/1.1" 200 949 "https://praise-the-sun-carvz0r.c9users.io/joyreactor/index.html" "Mozilla/5.0 (Windows NT 10.0; Win64; x64) AppleWebKit/537.36 (KHTML, like Gecko) Chrome/62.0.3202.94 Safari/537.36"
10.240.0.41 - - [21/Nov/2017:21:33:24 +0000] "GET /joyreactor/index.html HTTP/1.1" 200 1000 "-" "Mozilla/5.0 (Windows NT 10.0; Win64; x64) AppleWebKit/537.36 (KHTML, like Gecko) Chrome/62.0.3202.94 Safari/537.36"
10.240.0.227 - - [21/Nov/2017:21:33:24 +0000] "GET /joyreactor/css/main.css HTTP/1.1" 200 949 "https://praise-the-sun-carvz0r.c9users.io/joyreactor/index.html" "Mozilla/5.0 (Windows NT 10.0; Win64; x64) AppleWebKit/537.36 (KHTML, like Gecko) Chrome/62.0.3202.94 Safari/537.36"
10.240.1.16 - - [21/Nov/2017:21:36:23 +0000] "GET /joyreactor/index.html HTTP/1.1" 200 1000 "-" "Mozilla/5.0 (Windows NT 10.0; Win64; x64) AppleWebKit/537.36 (KHTML, like Gecko) Chrome/62.0.3202.94 Safari/537.36"
10.240.0.5 - - [21/Nov/2017:21:36:23 +0000] "GET /joyreactor/css/main.css HTTP/1.1" 200 994 "https://praise-the-sun-carvz0r.c9users.io/joyreactor/index.html" "Mozilla/5.0 (Windows NT 10.0; Win64; x64) AppleWebKit/537.36 (KHTML, like Gecko) Chrome/62.0.3202.94 Safari/537.36"
10.240.1.50 - - [21/Nov/2017:21:36:24 +0000] "GET /joyreactor/img/icon_home.png HTTP/1.1" 304 180 "https://praise-the-sun-carvz0r.c9users.io/joyreactor/css/main.css" "Mozilla/5.0 (Windows NT 10.0; Win64; x64) AppleWebKit/537.36 (KHTML, like Gecko) Chrome/62.0.3202.94 Safari/537.36"
10.240.1.50 - - [21/Nov/2017:21:37:47 +0000] "GET /joyreactor/index.html HTTP/1.1" 200 1000 "-" "Mozilla/5.0 (Windows NT 10.0; Win64; x64) AppleWebKit/537.36 (KHTML, like Gecko) Chrome/62.0.3202.94 Safari/537.36"
10.240.1.15 - - [21/Nov/2017:21:37:48 +0000] "GET /joyreactor/css/main.css HTTP/1.1" 200 1015 "https://praise-the-sun-carvz0r.c9users.io/joyreactor/index.html" "Mozilla/5.0 (Windows NT 10.0; Win64; x64) AppleWebKit/537.36 (KHTML, like Gecko) Chrome/62.0.3202.94 Safari/537.36"
10.240.0.41 - - [21/Nov/2017:21:45:50 +0000] "GET /joyreactor/index.html HTTP/1.1" 200 1040 "-" "Mozilla/5.0 (Windows NT 10.0; Win64; x64) AppleWebKit/537.36 (KHTML, like Gecko) Chrome/62.0.3202.94 Safari/537.36"
10.240.1.15 - - [21/Nov/2017:21:45:50 +0000] "GET /joyreactor/css/main.css HTTP/1.1" 200 1015 "https://praise-the-sun-carvz0r.c9users.io/joyreactor/index.html" "Mozilla/5.0 (Windows NT 10.0; Win64; x64) AppleWebKit/537.36 (KHTML, like Gecko) Chrome/62.0.3202.94 Safari/537.36"
10.240.0.161 - - [21/Nov/2017:21:45:51 +0000] "GET /joyreactor/img/icon_home.png HTTP/1.1" 304 180 "https://praise-the-sun-carvz0r.c9users.io/joyreactor/css/main.css" "Mozilla/5.0 (Windows NT 10.0; Win64; x64) AppleWebKit/537.36 (KHTML, like Gecko) Chrome/62.0.3202.94 Safari/537.36"
10.240.0.161 - - [21/Nov/2017:21:46:26 +0000] "GET /joyreactor/index.html HTTP/1.1" 200 1050 "-" "Mozilla/5.0 (Windows NT 10.0; Win64; x64) AppleWebKit/537.36 (KHTML, like Gecko) Chrome/62.0.3202.94 Safari/537.36"
10.240.0.213 - - [21/Nov/2017:21:46:31 +0000] "GET /joyreactor/index.html HTTP/1.1" 200 1050 "-" "Mozilla/5.0 (Windows NT 10.0; Win64; x64) AppleWebKit/537.36 (KHTML, like Gecko) Chrome/62.0.3202.94 Safari/537.36"
10.240.0.5 - - [21/Nov/2017:21:46:56 +0000] "GET /joyreactor/index.html HTTP/1.1" 200 1050 "-" "Mozilla/5.0 (Windows NT 10.0; Win64; x64) AppleWebKit/537.36 (KHTML, like Gecko) Chrome/62.0.3202.94 Safari/537.36"
10.240.0.161 - - [21/Nov/2017:21:46:56 +0000] "GET /joyreactor/css/main.css HTTP/1.1" 200 1037 "https://praise-the-sun-carvz0r.c9users.io/joyreactor/index.html" "Mozilla/5.0 (Windows NT 10.0; Win64; x64) AppleWebKit/537.36 (KHTML, like Gecko) Chrome/62.0.3202.94 Safari/537.36"
10.240.1.15 - - [21/Nov/2017:21:47:06 +0000] "GET /joyreactor/index.html HTTP/1.1" 200 1039 "-" "Mozilla/5.0 (Windows NT 10.0; Win64; x64) AppleWebKit/537.36 (KHTML, like Gecko) Chrome/62.0.3202.94 Safari/537.36"
10.240.1.18 - - [21/Nov/2017:21:47:07 +0000] "GET /joyreactor/css/main.css HTTP/1.1" 200 1037 "https://praise-the-sun-carvz0r.c9users.io/joyreactor/index.html" "Mozilla/5.0 (Windows NT 10.0; Win64; x64) AppleWebKit/537.36 (KHTML, like Gecko) Chrome/62.0.3202.94 Safari/537.36"
10.240.1.18 - - [21/Nov/2017:21:47:28 +0000] "GET /joyreactor/index.html HTTP/1.1" 200 1039 "-" "Mozilla/5.0 (Windows NT 10.0; Win64; x64) AppleWebKit/537.36 (KHTML, like Gecko) Chrome/62.0.3202.94 Safari/537.36"
10.240.1.16 - - [21/Nov/2017:21:47:28 +0000] "GET /joyreactor/css/main.css HTTP/1.1" 200 1041 "https://praise-the-sun-carvz0r.c9users.io/joyreactor/index.html" "Mozilla/5.0 (Windows NT 10.0; Win64; x64) AppleWebKit/537.36 (KHTML, like Gecko) Chrome/62.0.3202.94 Safari/537.36"
10.240.0.161 - - [21/Nov/2017:21:48:25 +0000] "GET /joyreactor/index.html HTTP/1.1" 200 1039 "-" "Mozilla/5.0 (Windows NT 10.0; Win64; x64) AppleWebKit/537.36 (KHTML, like Gecko) Chrome/62.0.3202.94 Safari/537.36"
10.240.1.50 - - [21/Nov/2017:21:48:26 +0000] "GET /joyreactor/css/main.css HTTP/1.1" 200 1045 "https://praise-the-sun-carvz0r.c9users.io/joyreactor/index.html" "Mozilla/5.0 (Windows NT 10.0; Win64; x64) AppleWebKit/537.36 (KHTML, like Gecko) Chrome/62.0.3202.94 Safari/537.36"
10.240.1.18 - - [21/Nov/2017:21:48:37 +0000] "GET /joyreactor/index.html HTTP/1.1" 200 1039 "-" "Mozilla/5.0 (Windows NT 10.0; Win64; x64) AppleWebKit/537.36 (KHTML, like Gecko) Chrome/62.0.3202.94 Safari/537.36"
10.240.0.227 - - [21/Nov/2017:21:48:37 +0000] "GET /joyreactor/css/main.css HTTP/1.1" 200 1046 "https://praise-the-sun-carvz0r.c9users.io/joyreactor/index.html" "Mozilla/5.0 (Windows NT 10.0; Win64; x64) AppleWebKit/537.36 (KHTML, like Gecko) Chrome/62.0.3202.94 Safari/537.36"
10.240.1.184 - - [21/Nov/2017:22:07:21 +0000] "GET /joyreactor/index.html HTTP/1.1" 200 1263 "-" "Mozilla/5.0 (Windows NT 10.0; Win64; x64) AppleWebKit/537.36 (KHTML, like Gecko) Chrome/62.0.3202.94 Safari/537.36"
10.240.1.16 - - [21/Nov/2017:22:07:22 +0000] "GET /joyreactor/css/main.css HTTP/1.1" 200 1046 "https://praise-the-sun-carvz0r.c9users.io/joyreactor/index.html" "Mozilla/5.0 (Windows NT 10.0; Win64; x64) AppleWebKit/537.36 (KHTML, like Gecko) Chrome/62.0.3202.94 Safari/537.36"
10.240.1.184 - - [21/Nov/2017:22:07:22 +0000] "GET /joyreactor/img/reactor_bg_middle.jpg HTTP/1.1" 304 182 "https://praise-the-sun-carvz0r.c9users.io/joyreactor/css/main.css" "Mozilla/5.0 (Windows NT 10.0; Win64; x64) AppleWebKit/537.36 (KHTML, like Gecko) Chrome/62.0.3202.94 Safari/537.36"
10.240.1.16 - - [21/Nov/2017:22:07:22 +0000] "GET /joyreactor/img/joyreactor_logo.png HTTP/1.1" 304 181 "https://praise-the-sun-carvz0r.c9users.io/joyreactor/css/main.css" "Mozilla/5.0 (Windows NT 10.0; Win64; x64) AppleWebKit/537.36 (KHTML, like Gecko) Chrome/62.0.3202.94 Safari/537.36"
10.240.1.184 - - [21/Nov/2017:22:07:22 +0000] "GET /joyreactor/img/icon_home.png HTTP/1.1" 304 180 "https://praise-the-sun-carvz0r.c9users.io/joyreactor/css/main.css" "Mozilla/5.0 (Windows NT 10.0; Win64; x64) AppleWebKit/537.36 (KHTML, like Gecko) Chrome/62.0.3202.94 Safari/537.36"
10.240.0.41 - - [21/Nov/2017:22:10:41 +0000] "GET /joyreactor/index.html HTTP/1.1" 200 1269 "-" "Mozilla/5.0 (Windows NT 10.0; Win64; x64) AppleWebKit/537.36 (KHTML, like Gecko) Chrome/62.0.3202.94 Safari/537.36"
10.240.1.8 - - [21/Nov/2017:22:10:41 +0000] "GET /joyreactor/css/main.css HTTP/1.1" 200 1092 "https://praise-the-sun-carvz0r.c9users.io/joyreactor/index.html" "Mozilla/5.0 (Windows NT 10.0; Win64; x64) AppleWebKit/537.36 (KHTML, like Gecko) Chrome/62.0.3202.94 Safari/537.36"
10.240.1.184 - - [21/Nov/2017:22:11:06 +0000] "GET /joyreactor/index.html HTTP/1.1" 200 1269 "-" "Mozilla/5.0 (Windows NT 10.0; Win64; x64) AppleWebKit/537.36 (KHTML, like Gecko) Chrome/62.0.3202.94 Safari/537.36"
10.240.1.15 - - [21/Nov/2017:22:11:06 +0000] "GET /joyreactor/css/main.css HTTP/1.1" 200 1099 "https://praise-the-sun-carvz0r.c9users.io/joyreactor/index.html" "Mozilla/5.0 (Windows NT 10.0; Win64; x64) AppleWebKit/537.36 (KHTML, like Gecko) Chrome/62.0.3202.94 Safari/537.36"
10.240.0.227 - - [21/Nov/2017:22:11:44 +0000] "GET /joyreactor/index.html HTTP/1.1" 200 1269 "-" "Mozilla/5.0 (Windows NT 10.0; Win64; x64) AppleWebKit/537.36 (KHTML, like Gecko) Chrome/62.0.3202.94 Safari/537.36"
10.240.1.184 - - [21/Nov/2017:22:11:44 +0000] "GET /joyreactor/css/main.css HTTP/1.1" 200 1093 "https://praise-the-sun-carvz0r.c9users.io/joyreactor/index.html" "Mozilla/5.0 (Windows NT 10.0; Win64; x64) AppleWebKit/537.36 (KHTML, like Gecko) Chrome/62.0.3202.94 Safari/537.36"
10.240.1.16 - - [21/Nov/2017:22:11:59 +0000] "GET /joyreactor/index.html HTTP/1.1" 200 1269 "-" "Mozilla/5.0 (Windows NT 10.0; Win64; x64) AppleWebKit/537.36 (KHTML, like Gecko) Chrome/62.0.3202.94 Safari/537.36"
10.240.1.16 - - [21/Nov/2017:22:11:59 +0000] "GET /joyreactor/css/main.css HTTP/1.1" 200 1099 "https://praise-the-sun-carvz0r.c9users.io/joyreactor/index.html" "Mozilla/5.0 (Windows NT 10.0; Win64; x64) AppleWebKit/537.36 (KHTML, like Gecko) Chrome/62.0.3202.94 Safari/537.36"
10.240.0.161 - - [21/Nov/2017:22:13:14 +0000] "GET /joyreactor/index.html HTTP/1.1" 200 1269 "-" "Mozilla/5.0 (Windows NT 10.0; Win64; x64) AppleWebKit/537.36 (KHTML, like Gecko) Chrome/62.0.3202.94 Safari/537.36"
10.240.1.8 - - [21/Nov/2017:22:13:14 +0000] "GET /joyreactor/css/main.css HTTP/1.1" 200 1095 "https://praise-the-sun-carvz0r.c9users.io/joyreactor/index.html" "Mozilla/5.0 (Windows NT 10.0; Win64; x64) AppleWebKit/537.36 (KHTML, like Gecko) Chrome/62.0.3202.94 Safari/537.36"
10.240.1.8 - - [21/Nov/2017:22:13:14 +0000] "GET /joyreactor/img/icon_home.png HTTP/1.1" 304 180 "https://praise-the-sun-carvz0r.c9users.io/joyreactor/css/main.css" "Mozilla/5.0 (Windows NT 10.0; Win64; x64) AppleWebKit/537.36 (KHTML, like Gecko) Chrome/62.0.3202.94 Safari/537.36"
10.240.1.8 - - [21/Nov/2017:22:13:24 +0000] "GET /joyreactor/index.html HTTP/1.1" 200 1269 "-" "Mozilla/5.0 (Windows NT 10.0; Win64; x64) AppleWebKit/537.36 (KHTML, like Gecko) Chrome/62.0.3202.94 Safari/537.36"
10.240.0.5 - - [21/Nov/2017:22:13:24 +0000] "GET /joyreactor/css/main.css HTTP/1.1" 200 1095 "https://praise-the-sun-carvz0r.c9users.io/joyreactor/index.html" "Mozilla/5.0 (Windows NT 10.0; Win64; x64) AppleWebKit/537.36 (KHTML, like Gecko) Chrome/62.0.3202.94 Safari/537.36"
10.240.0.161 - - [21/Nov/2017:22:14:17 +0000] "GET /joyreactor/index.html HTTP/1.1" 200 1269 "-" "Mozilla/5.0 (Windows NT 10.0; Win64; x64) AppleWebKit/537.36 (KHTML, like Gecko) Chrome/62.0.3202.94 Safari/537.36"
10.240.1.18 - - [21/Nov/2017:22:14:17 +0000] "GET /joyreactor/css/main.css HTTP/1.1" 200 1095 "https://praise-the-sun-carvz0r.c9users.io/joyreactor/index.html" "Mozilla/5.0 (Windows NT 10.0; Win64; x64) AppleWebKit/537.36 (KHTML, like Gecko) Chrome/62.0.3202.94 Safari/537.36"
10.240.0.227 - - [21/Nov/2017:22:15:06 +0000] "GET /joyreactor/index.html HTTP/1.1" 200 1269 "-" "Mozilla/5.0 (Windows NT 10.0; Win64; x64) AppleWebKit/537.36 (KHTML, like Gecko) Chrome/62.0.3202.94 Safari/537.36"
10.240.0.227 - - [21/Nov/2017:22:15:06 +0000] "GET /joyreactor/css/main.css HTTP/1.1" 200 1092 "https://praise-the-sun-carvz0r.c9users.io/joyreactor/index.html" "Mozilla/5.0 (Windows NT 10.0; Win64; x64) AppleWebKit/537.36 (KHTML, like Gecko) Chrome/62.0.3202.94 Safari/537.36"
10.240.1.15 - - [21/Nov/2017:22:16:07 +0000] "GET /joyreactor/index.html HTTP/1.1" 200 1269 "-" "Mozilla/5.0 (Windows NT 10.0; Win64; x64) AppleWebKit/537.36 (KHTML, like Gecko) Chrome/62.0.3202.94 Safari/537.36"
10.240.1.15 - - [21/Nov/2017:22:16:07 +0000] "GET /joyreactor/css/main.css HTTP/1.1" 200 1083 "https://praise-the-sun-carvz0r.c9users.io/joyreactor/index.html" "Mozilla/5.0 (Windows NT 10.0; Win64; x64) AppleWebKit/537.36 (KHTML, like Gecko) Chrome/62.0.3202.94 Safari/537.36"
10.240.1.8 - - [21/Nov/2017:22:16:31 +0000] "GET /joyreactor/index.html HTTP/1.1" 200 1269 "-" "Mozilla/5.0 (Windows NT 10.0; Win64; x64) AppleWebKit/537.36 (KHTML, like Gecko) Chrome/62.0.3202.94 Safari/537.36"
10.240.1.16 - - [21/Nov/2017:22:16:32 +0000] "GET /joyreactor/css/main.css HTTP/1.1" 200 1050 "https://praise-the-sun-carvz0r.c9users.io/joyreactor/index.html" "Mozilla/5.0 (Windows NT 10.0; Win64; x64) AppleWebKit/537.36 (KHTML, like Gecko) Chrome/62.0.3202.94 Safari/537.36"
10.240.1.16 - - [21/Nov/2017:22:17:33 +0000] "GET /joyreactor/index.html HTTP/1.1" 200 1269 "-" "Mozilla/5.0 (Windows NT 10.0; Win64; x64) AppleWebKit/537.36 (KHTML, like Gecko) Chrome/62.0.3202.94 Safari/537.36"
10.240.1.184 - - [21/Nov/2017:22:17:34 +0000] "GET /joyreactor/css/main.css HTTP/1.1" 200 1058 "https://praise-the-sun-carvz0r.c9users.io/joyreactor/index.html" "Mozilla/5.0 (Windows NT 10.0; Win64; x64) AppleWebKit/537.36 (KHTML, like Gecko) Chrome/62.0.3202.94 Safari/537.36"
10.240.1.16 - - [21/Nov/2017:22:18:09 +0000] "GET /joyreactor/index.html HTTP/1.1" 200 1269 "-" "Mozilla/5.0 (Windows NT 10.0; Win64; x64) AppleWebKit/537.36 (KHTML, like Gecko) Chrome/62.0.3202.94 Safari/537.36"
10.240.1.16 - - [21/Nov/2017:22:18:09 +0000] "GET /joyreactor/css/main.css HTTP/1.1" 200 1074 "https://praise-the-sun-carvz0r.c9users.io/joyreactor/index.html" "Mozilla/5.0 (Windows NT 10.0; Win64; x64) AppleWebKit/537.36 (KHTML, like Gecko) Chrome/62.0.3202.94 Safari/537.36"
10.240.1.18 - - [21/Nov/2017:22:20:01 +0000] "GET /joyreactor/index.html HTTP/1.1" 200 1269 "-" "Mozilla/5.0 (Windows NT 10.0; Win64; x64) AppleWebKit/537.36 (KHTML, like Gecko) Chrome/62.0.3202.94 Safari/537.36"
10.240.1.8 - - [21/Nov/2017:22:20:01 +0000] "GET /joyreactor/css/main.css HTTP/1.1" 200 1083 "https://praise-the-sun-carvz0r.c9users.io/joyreactor/index.html" "Mozilla/5.0 (Windows NT 10.0; Win64; x64) AppleWebKit/537.36 (KHTML, like Gecko) Chrome/62.0.3202.94 Safari/537.36"
10.240.1.8 - - [21/Nov/2017:22:20:01 +0000] "GET /joyreactor/img/icon_home.png HTTP/1.1" 304 180 "https://praise-the-sun-carvz0r.c9users.io/joyreactor/css/main.css" "Mozilla/5.0 (Windows NT 10.0; Win64; x64) AppleWebKit/537.36 (KHTML, like Gecko) Chrome/62.0.3202.94 Safari/537.36"
10.240.1.184 - - [21/Nov/2017:22:20:15 +0000] "GET /joyreactor/index.html HTTP/1.1" 200 1263 "-" "Mozilla/5.0 (Windows NT 10.0; Win64; x64) AppleWebKit/537.36 (KHTML, like Gecko) Chrome/62.0.3202.94 Safari/537.36"
10.240.1.50 - - [21/Nov/2017:22:20:16 +0000] "GET /joyreactor/css/main.css HTTP/1.1" 200 1083 "https://praise-the-sun-carvz0r.c9users.io/joyreactor/index.html" "Mozilla/5.0 (Windows NT 10.0; Win64; x64) AppleWebKit/537.36 (KHTML, like Gecko) Chrome/62.0.3202.94 Safari/537.36"
10.240.1.16 - - [21/Nov/2017:22:21:11 +0000] "GET /joyreactor/index.html HTTP/1.1" 200 1263 "-" "Mozilla/5.0 (Windows NT 10.0; Win64; x64) AppleWebKit/537.36 (KHTML, like Gecko) Chrome/62.0.3202.94 Safari/537.36"
10.240.1.16 - - [21/Nov/2017:22:21:11 +0000] "GET /joyreactor/css/main.css HTTP/1.1" 200 1100 "https://praise-the-sun-carvz0r.c9users.io/joyreactor/index.html" "Mozilla/5.0 (Windows NT 10.0; Win64; x64) AppleWebKit/537.36 (KHTML, like Gecko) Chrome/62.0.3202.94 Safari/537.36"
10.240.1.16 - - [21/Nov/2017:22:21:31 +0000] "GET /joyreactor/index.html HTTP/1.1" 200 1263 "-" "Mozilla/5.0 (Windows NT 10.0; Win64; x64) AppleWebKit/537.36 (KHTML, like Gecko) Chrome/62.0.3202.94 Safari/537.36"
10.240.1.8 - - [21/Nov/2017:22:21:32 +0000] "GET /joyreactor/css/main.css HTTP/1.1" 200 1105 "https://praise-the-sun-carvz0r.c9users.io/joyreactor/index.html" "Mozilla/5.0 (Windows NT 10.0; Win64; x64) AppleWebKit/537.36 (KHTML, like Gecko) Chrome/62.0.3202.94 Safari/537.36"
10.240.1.15 - - [21/Nov/2017:22:22:07 +0000] "GET /joyreactor/index.html HTTP/1.1" 200 1263 "-" "Mozilla/5.0 (Windows NT 10.0; Win64; x64) AppleWebKit/537.36 (KHTML, like Gecko) Chrome/62.0.3202.94 Safari/537.36"
10.240.1.15 - - [21/Nov/2017:22:22:07 +0000] "GET /joyreactor/css/main.css HTTP/1.1" 200 1107 "https://praise-the-sun-carvz0r.c9users.io/joyreactor/index.html" "Mozilla/5.0 (Windows NT 10.0; Win64; x64) AppleWebKit/537.36 (KHTML, like Gecko) Chrome/62.0.3202.94 Safari/537.36"
10.240.0.41 - - [21/Nov/2017:22:23:27 +0000] "GET /joyreactor/index.html HTTP/1.1" 200 1263 "-" "Mozilla/5.0 (Windows NT 10.0; Win64; x64) AppleWebKit/537.36 (KHTML, like Gecko) Chrome/62.0.3202.94 Safari/537.36"
10.240.1.16 - - [21/Nov/2017:22:23:27 +0000] "GET /joyreactor/css/main.css HTTP/1.1" 200 1119 "https://praise-the-sun-carvz0r.c9users.io/joyreactor/index.html" "Mozilla/5.0 (Windows NT 10.0; Win64; x64) AppleWebKit/537.36 (KHTML, like Gecko) Chrome/62.0.3202.94 Safari/537.36"
10.240.0.41 - - [21/Nov/2017:22:24:09 +0000] "GET /joyreactor/index.html HTTP/1.1" 200 1263 "-" "Mozilla/5.0 (Windows NT 10.0; Win64; x64) AppleWebKit/537.36 (KHTML, like Gecko) Chrome/62.0.3202.94 Safari/537.36"
10.240.0.41 - - [21/Nov/2017:22:24:09 +0000] "GET /joyreactor/css/main.css HTTP/1.1" 200 1124 "https://praise-the-sun-carvz0r.c9users.io/joyreactor/index.html" "Mozilla/5.0 (Windows NT 10.0; Win64; x64) AppleWebKit/537.36 (KHTML, like Gecko) Chrome/62.0.3202.94 Safari/537.36"
10.240.1.18 - - [21/Nov/2017:22:24:47 +0000] "GET /joyreactor/index.html HTTP/1.1" 200 1263 "-" "Mozilla/5.0 (Windows NT 10.0; Win64; x64) AppleWebKit/537.36 (KHTML, like Gecko) Chrome/62.0.3202.94 Safari/537.36"
10.240.0.161 - - [21/Nov/2017:22:24:48 +0000] "GET /joyreactor/css/main.css HTTP/1.1" 200 1138 "https://praise-the-sun-carvz0r.c9users.io/joyreactor/index.html" "Mozilla/5.0 (Windows NT 10.0; Win64; x64) AppleWebKit/537.36 (KHTML, like Gecko) Chrome/62.0.3202.94 Safari/537.36"
10.240.1.15 - - [21/Nov/2017:22:25:20 +0000] "GET /joyreactor/index.html HTTP/1.1" 200 1263 "-" "Mozilla/5.0 (Windows NT 10.0; Win64; x64) AppleWebKit/537.36 (KHTML, like Gecko) Chrome/62.0.3202.94 Safari/537.36"
10.240.1.16 - - [21/Nov/2017:22:25:21 +0000] "GET /joyreactor/css/main.css HTTP/1.1" 200 1152 "https://praise-the-sun-carvz0r.c9users.io/joyreactor/index.html" "Mozilla/5.0 (Windows NT 10.0; Win64; x64) AppleWebKit/537.36 (KHTML, like Gecko) Chrome/62.0.3202.94 Safari/537.36"
10.240.0.5 - - [21/Nov/2017:22:25:57 +0000] "GET /joyreactor/index.html HTTP/1.1" 200 1263 "-" "Mozilla/5.0 (Windows NT 10.0; Win64; x64) AppleWebKit/537.36 (KHTML, like Gecko) Chrome/62.0.3202.94 Safari/537.36"
10.240.1.18 - - [21/Nov/2017:22:25:57 +0000] "GET /joyreactor/css/main.css HTTP/1.1" 200 1161 "https://praise-the-sun-carvz0r.c9users.io/joyreactor/index.html" "Mozilla/5.0 (Windows NT 10.0; Win64; x64) AppleWebKit/537.36 (KHTML, like Gecko) Chrome/62.0.3202.94 Safari/537.36"
10.240.0.161 - - [21/Nov/2017:22:26:58 +0000] "GET /joyreactor/index.html HTTP/1.1" 200 1263 "-" "Mozilla/5.0 (Windows NT 10.0; Win64; x64) AppleWebKit/537.36 (KHTML, like Gecko) Chrome/62.0.3202.94 Safari/537.36"
10.240.1.50 - - [21/Nov/2017:22:26:58 +0000] "GET /joyreactor/css/main.css HTTP/1.1" 200 1165 "https://praise-the-sun-carvz0r.c9users.io/joyreactor/index.html" "Mozilla/5.0 (Windows NT 10.0; Win64; x64) AppleWebKit/537.36 (KHTML, like Gecko) Chrome/62.0.3202.94 Safari/537.36"
10.240.1.8 - - [21/Nov/2017:22:26:59 +0000] "GET /joyreactor/img/icon_home.png HTTP/1.1" 304 180 "https://praise-the-sun-carvz0r.c9users.io/joyreactor/css/main.css" "Mozilla/5.0 (Windows NT 10.0; Win64; x64) AppleWebKit/537.36 (KHTML, like Gecko) Chrome/62.0.3202.94 Safari/537.36"
10.240.1.8 - - [21/Nov/2017:22:27:04 +0000] "GET /joyreactor/index.html HTTP/1.1" 200 1263 "-" "Mozilla/5.0 (Windows NT 10.0; Win64; x64) AppleWebKit/537.36 (KHTML, like Gecko) Chrome/62.0.3202.94 Safari/537.36"
10.240.1.8 - - [21/Nov/2017:22:27:04 +0000] "GET /joyreactor/css/main.css HTTP/1.1" 200 1161 "https://praise-the-sun-carvz0r.c9users.io/joyreactor/index.html" "Mozilla/5.0 (Windows NT 10.0; Win64; x64) AppleWebKit/537.36 (KHTML, like Gecko) Chrome/62.0.3202.94 Safari/537.36"
10.240.1.16 - - [21/Nov/2017:22:28:18 +0000] "GET /joyreactor/index.html HTTP/1.1" 200 1263 "-" "Mozilla/5.0 (Windows NT 10.0; Win64; x64) AppleWebKit/537.36 (KHTML, like Gecko) Chrome/62.0.3202.94 Safari/537.36"
10.240.1.16 - - [21/Nov/2017:22:28:18 +0000] "GET /joyreactor/css/main.css HTTP/1.1" 200 1165 "https://praise-the-sun-carvz0r.c9users.io/joyreactor/index.html" "Mozilla/5.0 (Windows NT 10.0; Win64; x64) AppleWebKit/537.36 (KHTML, like Gecko) Chrome/62.0.3202.94 Safari/537.36"
10.240.1.50 - - [21/Nov/2017:22:28:21 +0000] "GET /joyreactor/index.html HTTP/1.1" 200 1263 "-" "Mozilla/5.0 (Windows NT 10.0; Win64; x64) AppleWebKit/537.36 (KHTML, like Gecko) Chrome/62.0.3202.94 Safari/537.36"
10.240.1.50 - - [21/Nov/2017:22:28:21 +0000] "GET /joyreactor/css/main.css HTTP/1.1" 200 1165 "https://praise-the-sun-carvz0r.c9users.io/joyreactor/index.html" "Mozilla/5.0 (Windows NT 10.0; Win64; x64) AppleWebKit/537.36 (KHTML, like Gecko) Chrome/62.0.3202.94 Safari/537.36"
10.240.1.50 - - [21/Nov/2017:22:29:03 +0000] "GET /joyreactor/index.html HTTP/1.1" 200 1263 "-" "Mozilla/5.0 (Windows NT 10.0; Win64; x64) AppleWebKit/537.36 (KHTML, like Gecko) Chrome/62.0.3202.94 Safari/537.36"
10.240.0.5 - - [21/Nov/2017:22:29:03 +0000] "GET /joyreactor/css/main.css HTTP/1.1" 200 1169 "https://praise-the-sun-carvz0r.c9users.io/joyreactor/index.html" "Mozilla/5.0 (Windows NT 10.0; Win64; x64) AppleWebKit/537.36 (KHTML, like Gecko) Chrome/62.0.3202.94 Safari/537.36"
10.240.1.50 - - [21/Nov/2017:22:29:11 +0000] "GET /joyreactor/index.html HTTP/1.1" 200 1263 "-" "Mozilla/5.0 (Windows NT 10.0; Win64; x64) AppleWebKit/537.36 (KHTML, like Gecko) Chrome/62.0.3202.94 Safari/537.36"
10.240.1.50 - - [21/Nov/2017:22:29:11 +0000] "GET /joyreactor/css/main.css HTTP/1.1" 200 1170 "https://praise-the-sun-carvz0r.c9users.io/joyreactor/index.html" "Mozilla/5.0 (Windows NT 10.0; Win64; x64) AppleWebKit/537.36 (KHTML, like Gecko) Chrome/62.0.3202.94 Safari/537.36"
10.240.1.18 - - [21/Nov/2017:22:32:32 +0000] "GET /joyreactor/index.html HTTP/1.1" 200 1263 "-" "Mozilla/5.0 (Windows NT 10.0; Win64; x64) AppleWebKit/537.36 (KHTML, like Gecko) Chrome/62.0.3202.94 Safari/537.36"
10.240.1.18 - - [21/Nov/2017:22:32:32 +0000] "GET /joyreactor/css/main.css HTTP/1.1" 200 1196 "https://praise-the-sun-carvz0r.c9users.io/joyreactor/index.html" "Mozilla/5.0 (Windows NT 10.0; Win64; x64) AppleWebKit/537.36 (KHTML, like Gecko) Chrome/62.0.3202.94 Safari/537.36"
10.240.1.18 - - [21/Nov/2017:22:32:33 +0000] "GET /joyreactor/img/joyreactor_logo.png HTTP/1.1" 304 181 "https://praise-the-sun-carvz0r.c9users.io/joyreactor/css/main.css" "Mozilla/5.0 (Windows NT 10.0; Win64; x64) AppleWebKit/537.36 (KHTML, like Gecko) Chrome/62.0.3202.94 Safari/537.36"
10.240.0.161 - - [21/Nov/2017:22:32:33 +0000] "GET /joyreactor/img/reactor_bg_middle.jpg HTTP/1.1" 304 182 "https://praise-the-sun-carvz0r.c9users.io/joyreactor/css/main.css" "Mozilla/5.0 (Windows NT 10.0; Win64; x64) AppleWebKit/537.36 (KHTML, like Gecko) Chrome/62.0.3202.94 Safari/537.36"
10.240.0.5 - - [21/Nov/2017:22:35:20 +0000] "GET /joyreactor/index.html HTTP/1.1" 200 1263 "-" "Mozilla/5.0 (Windows NT 10.0; Win64; x64) AppleWebKit/537.36 (KHTML, like Gecko) Chrome/62.0.3202.94 Safari/537.36"
10.240.1.50 - - [21/Nov/2017:22:35:21 +0000] "GET /joyreactor/css/main.css HTTP/1.1" 200 1223 "https://praise-the-sun-carvz0r.c9users.io/joyreactor/index.html" "Mozilla/5.0 (Windows NT 10.0; Win64; x64) AppleWebKit/537.36 (KHTML, like Gecko) Chrome/62.0.3202.94 Safari/537.36"
10.240.1.18 - - [21/Nov/2017:22:35:21 +0000] "GET /joyreactor/img/icon_home.png HTTP/1.1" 304 180 "https://praise-the-sun-carvz0r.c9users.io/joyreactor/css/main.css" "Mozilla/5.0 (Windows NT 10.0; Win64; x64) AppleWebKit/537.36 (KHTML, like Gecko) Chrome/62.0.3202.94 Safari/537.36"
10.240.0.227 - - [21/Nov/2017:22:37:19 +0000] "GET /search?search= HTTP/1.1" 404 519 "https://praise-the-sun-carvz0r.c9users.io/joyreactor/index.html" "Mozilla/5.0 (Windows NT 10.0; Win64; x64) AppleWebKit/537.36 (KHTML, like Gecko) Chrome/62.0.3202.94 Safari/537.36"
10.240.1.16 - - [21/Nov/2017:22:40:25 +0000] "GET /joyreactor/index.html HTTP/1.1" 200 1263 "-" "Mozilla/5.0 (Windows NT 10.0; Win64; x64) AppleWebKit/537.36 (KHTML, like Gecko) Chrome/62.0.3202.94 Safari/537.36"
10.240.1.18 - - [21/Nov/2017:22:40:25 +0000] "GET /joyreactor/css/main.css HTTP/1.1" 200 1300 "https://praise-the-sun-carvz0r.c9users.io/joyreactor/index.html" "Mozilla/5.0 (Windows NT 10.0; Win64; x64) AppleWebKit/537.36 (KHTML, like Gecko) Chrome/62.0.3202.94 Safari/537.36"
10.240.0.213 - - [21/Nov/2017:22:40:26 +0000] "GET /joyreactor/img/icon_search.png HTTP/1.1" 200 1500 "https://praise-the-sun-carvz0r.c9users.io/joyreactor/css/main.css" "Mozilla/5.0 (Windows NT 10.0; Win64; x64) AppleWebKit/537.36 (KHTML, like Gecko) Chrome/62.0.3202.94 Safari/537.36"
10.240.0.227 - - [21/Nov/2017:22:40:30 +0000] "GET /search?search= HTTP/1.1" 404 519 "https://praise-the-sun-carvz0r.c9users.io/joyreactor/index.html" "Mozilla/5.0 (Windows NT 10.0; Win64; x64) AppleWebKit/537.36 (KHTML, like Gecko) Chrome/62.0.3202.94 Safari/537.36"
10.240.0.213 - - [21/Nov/2017:22:41:01 +0000] "GET /search?search= HTTP/1.1" 404 519 "https://praise-the-sun-carvz0r.c9users.io/joyreactor/index.html" "Mozilla/5.0 (Windows NT 10.0; Win64; x64) AppleWebKit/537.36 (KHTML, like Gecko) Chrome/62.0.3202.94 Safari/537.36"
10.240.1.50 - - [21/Nov/2017:22:41:11 +0000] "GET /joyreactor/index.html HTTP/1.1" 200 1263 "-" "Mozilla/5.0 (Windows NT 10.0; Win64; x64) AppleWebKit/537.36 (KHTML, like Gecko) Chrome/62.0.3202.94 Safari/537.36"
10.240.1.8 - - [21/Nov/2017:22:41:11 +0000] "GET /joyreactor/css/main.css HTTP/1.1" 200 1302 "https://praise-the-sun-carvz0r.c9users.io/joyreactor/index.html" "Mozilla/5.0 (Windows NT 10.0; Win64; x64) AppleWebKit/537.36 (KHTML, like Gecko) Chrome/62.0.3202.94 Safari/537.36"
